c:\thelab\development\generals-modern\build\gameengine.dir\release\gamemain.obj
c:\thelab\development\generals-modern\build\gameengine.dir\release\gamelod.obj
c:\thelab\development\generals-modern\build\gameengine.dir\release\discretecircle.obj
c:\thelab\development\generals-modern\build\gameengine.dir\release\dict.obj
c:\thelab\development\generals-modern\build\gameengine.dir\release\damagefx.obj
c:\thelab\development\generals-modern\build\gameengine.dir\release\commandline.obj
c:\thelab\development\generals-modern\build\gameengine.dir\release\crcdebug.obj
c:\thelab\development\generals-modern\build\gameengine.dir\release\bitflags.obj
c:\thelab\development\generals-modern\build\gameengine.dir\release\beziersegment.obj
c:\thelab\development\generals-modern\build\gameengine.dir\release\bezfwditerator.obj
c:\thelab\development\generals-modern\build\gameengine.dir\release\urllaunch.obj
c:\thelab\development\generals-modern\build\gameengine.dir\release\simpleplayer.obj
c:\thelab\development\generals-modern\build\gameengine.dir\release\gamesounds.obj
c:\thelab\development\generals-modern\build\gameengine.dir\release\gamemusic.obj
c:\thelab\development\generals-modern\build\gameengine.dir\release\gameaudio.obj
c:\thelab\development\generals-modern\build\gameengine.dir\release\dynamicaudioeventinfo.obj
c:\thelab\development\generals-modern\build\gameengine.dir\release\audiorequest.obj
c:\thelab\development\generals-modern\build\gameengine.dir\release\audioeventrts.obj
c:\thelab\development\generals-modern\build\gameengine.dir\release\iniparticlesys.obj
c:\thelab\development\generals-modern\build\gameengine.dir\release\iniobject.obj
c:\thelab\development\generals-modern\build\gameengine.dir\release\inimultiplayer.obj
c:\thelab\development\generals-modern\build\gameengine.dir\release\inimodel.obj
c:\thelab\development\generals-modern\build\gameengine.dir\release\inimiscaudio.obj
c:\thelab\development\generals-modern\build\gameengine.dir\release\inimappedimage.obj
c:\thelab\development\generals-modern\build\gameengine.dir\release\inimapdata.obj
c:\thelab\development\generals-modern\build\gameengine.dir\release\inimapcache.obj
c:\thelab\development\generals-modern\build\gameengine.dir\release\inigamedata.obj
c:\thelab\development\generals-modern\build\gameengine.dir\release\inidrawgroupinfo.obj
c:\thelab\development\generals-modern\build\gameengine.dir\release\inidamagefx.obj
c:\thelab\development\generals-modern\build\gameengine.dir\release\inicrate.obj
c:\thelab\development\generals-modern\build\gameengine.dir\release\inicontrolbarscheme.obj
c:\thelab\development\generals-modern\build\gameengine.dir\release\inicommandset.obj
c:\thelab\development\generals-modern\build\gameengine.dir\release\inicommandbutton.obj
c:\thelab\development\generals-modern\build\gameengine.dir\release\iniaudioeventinfo.obj
c:\thelab\development\generals-modern\build\gameengine.dir\release\inianimation.obj
c:\thelab\development\generals-modern\build\gameengine.dir\release\iniaidata.obj
c:\thelab\development\generals-modern\build\gameengine.dir\release\ini.obj
c:\thelab\development\generals-modern\build\gameengine.dir\release\handicap.obj
c:\thelab\development\generals-modern\build\gameengine.dir\release\energy.obj
c:\thelab\development\generals-modern\build\gameengine.dir\release\actionmanager.obj
c:\thelab\development\generals-modern\build\gameengine.dir\release\academystats.obj
c:\thelab\development\generals-modern\build\gameengine.dir\release\perftimer.obj
c:\thelab\development\generals-modern\build\gameengine.dir\release\partitionsolver.obj
c:\thelab\development\generals-modern\build\gameengine.dir\release\namekeygenerator.obj
c:\thelab\development\generals-modern\build\gameengine.dir\release\multiplayersettings.obj
c:\thelab\development\generals-modern\build\gameengine.dir\release\minilog.obj
c:\thelab\development\generals-modern\build\gameengine.dir\release\messagestream.obj
c:\thelab\development\generals-modern\build\gameengine.dir\release\language.obj
c:\thelab\development\generals-modern\build\gameengine.dir\release\iniweapon.obj
c:\thelab\development\generals-modern\build\gameengine.dir\release\iniwater.obj
c:\thelab\development\generals-modern\build\gameengine.dir\release\inivideo.obj
c:\thelab\development\generals-modern\build\gameengine.dir\release\iniupgrade.obj
c:\thelab\development\generals-modern\build\gameengine.dir\release\initerrainroad.obj
c:\thelab\development\generals-modern\build\gameengine.dir\release\initerrainbridge.obj
c:\thelab\development\generals-modern\build\gameengine.dir\release\initerrain.obj
c:\thelab\development\generals-modern\build\gameengine.dir\release\inispecialpower.obj
c:\thelab\development\generals-modern\build\gameengine.dir\release\archivefilesystem.obj
c:\thelab\development\generals-modern\build\gameengine.dir\release\archivefile.obj
c:\thelab\development\generals-modern\build\gameengine.dir\release\statemachine.obj
c:\thelab\development\generals-modern\build\gameengine.dir\release\skirmishbattlehonors.obj
c:\thelab\development\generals-modern\build\gameengine.dir\release\randomvalue.obj
c:\thelab\development\generals-modern\build\gameengine.dir\release\tunneltracker.obj
c:\thelab\development\generals-modern\build\gameengine.dir\release\team.obj
c:\thelab\development\generals-modern\build\gameengine.dir\release\specialpower.obj
c:\thelab\development\generals-modern\build\gameengine.dir\release\scorekeeper.obj
c:\thelab\development\generals-modern\build\gameengine.dir\release\science.obj
c:\thelab\development\generals-modern\build\gameengine.dir\release\resourcegatheringmanager.obj
c:\thelab\development\generals-modern\build\gameengine.dir\release\productionprerequisite.obj
c:\thelab\development\generals-modern\build\gameengine.dir\release\playertemplate.obj
c:\thelab\development\generals-modern\build\gameengine.dir\release\playerlist.obj
c:\thelab\development\generals-modern\build\gameengine.dir\release\player.obj
c:\thelab\development\generals-modern\build\gameengine.dir\release\money.obj
c:\thelab\development\generals-modern\build\gameengine.dir\release\missionstats.obj
c:\thelab\development\generals-modern\build\gameengine.dir\release\localfilesystem.obj
c:\thelab\development\generals-modern\build\gameengine.dir\release\localfile.obj
c:\thelab\development\generals-modern\build\gameengine.dir\release\list.obj
c:\thelab\development\generals-modern\build\gameengine.dir\release\kindof.obj
c:\thelab\development\generals-modern\build\gameengine.dir\release\geometry.obj
c:\thelab\development\generals-modern\build\gameengine.dir\release\gametype.obj
c:\thelab\development\generals-modern\build\gameengine.dir\release\gamecommon.obj
c:\thelab\development\generals-modern\build\gameengine.dir\release\filesystem.obj
c:\thelab\development\generals-modern\build\gameengine.dir\release\file.obj
c:\thelab\development\generals-modern\build\gameengine.dir\release\disabledtypes.obj
c:\thelab\development\generals-modern\build\gameengine.dir\release\directory.obj
c:\thelab\development\generals-modern\build\gameengine.dir\release\datachunk.obj
c:\thelab\development\generals-modern\build\gameengine.dir\release\copyprotection.obj
c:\thelab\development\generals-modern\build\gameengine.dir\release\compression.obj
c:\thelab\development\generals-modern\build\gameengine.dir\release\cdmanager.obj
c:\thelab\development\generals-modern\build\gameengine.dir\release\buildassistant.obj
c:\thelab\development\generals-modern\build\gameengine.dir\release\xfersave.obj
c:\thelab\development\generals-modern\build\gameengine.dir\release\xferload.obj
c:\thelab\development\generals-modern\build\gameengine.dir\release\xfercrc.obj
c:\thelab\development\generals-modern\build\gameengine.dir\release\xfer.obj
c:\thelab\development\generals-modern\build\gameengine.dir\release\upgrade.obj
c:\thelab\development\generals-modern\build\gameengine.dir\release\trig.obj
c:\thelab\development\generals-modern\build\gameengine.dir\release\subsysteminterface.obj
c:\thelab\development\generals-modern\build\gameengine.dir\release\string.obj
c:\thelab\development\generals-modern\build\gameengine.dir\release\streamingarchivefile.obj
c:\thelab\development\generals-modern\build\gameengine.dir\release\stackdump.obj
c:\thelab\development\generals-modern\build\gameengine.dir\release\snapshot.obj
c:\thelab\development\generals-modern\build\gameengine.dir\release\gamestatemap.obj
c:\thelab\development\generals-modern\build\gameengine.dir\release\ramfile.obj
c:\thelab\development\generals-modern\build\gameengine.dir\release\quicktrig.obj
c:\thelab\development\generals-modern\build\gameengine.dir\release\objectstatustypes.obj
c:\thelab\development\generals-modern\build\gameengine.dir\release\memoryinit.obj
c:\thelab\development\generals-modern\build\gameengine.dir\release\animatedparticlesysboneclientupdate.obj
c:\thelab\development\generals-modern\build\gameengine.dir\release\drawable.obj
c:\thelab\development\generals-modern\build\gameengine.dir\release\drawgroupinfo.obj
c:\thelab\development\generals-modern\build\gameengine.dir\release\displaystringmanager.obj
c:\thelab\development\generals-modern\build\gameengine.dir\release\displaystring.obj
c:\thelab\development\generals-modern\build\gameengine.dir\release\credits.obj
c:\thelab\development\generals-modern\build\gameengine.dir\release\color.obj
c:\thelab\development\generals-modern\build\gameengine.dir\release\version.obj
c:\thelab\development\generals-modern\build\gameengine.dir\release\crc.obj
c:\thelab\development\generals-modern\build\gameengine.dir\release\thingtemplate.obj
c:\thelab\development\generals-modern\build\gameengine.dir\release\thing.obj
c:\thelab\development\generals-modern\build\gameengine.dir\release\modulefactory.obj
c:\thelab\development\generals-modern\build\gameengine.dir\release\module.obj
c:\thelab\development\generals-modern\build\gameengine.dir\release\drawmodule.obj
c:\thelab\development\generals-modern\build\gameengine.dir\release\terraintypes.obj
c:\thelab\development\generals-modern\build\gameengine.dir\release\registry.obj
c:\thelab\development\generals-modern\build\gameengine.dir\release\encrypt.obj
c:\thelab\development\generals-modern\build\gameengine.dir\release\controlbarmultiselect.obj
c:\thelab\development\generals-modern\build\gameengine.dir\release\challengegenerals.obj
c:\thelab\development\generals-modern\build\gameengine.dir\release\fxlist.obj
c:\thelab\development\generals-modern\build\gameengine.dir\release\eva.obj
c:\thelab\development\generals-modern\build\gameengine.dir\release\swayclientupdate.obj
c:\thelab\development\generals-modern\build\gameengine.dir\release\beaconclientupdate.obj
c:\thelab\development\generals-modern\build\gameengine.dir\release\replaycontrols.obj
c:\thelab\development\generals-modern\build\gameengine.dir\release\gameclientdispatch.obj
c:\thelab\development\generals-modern\build\gameengine.dir\release\windowvideomanager.obj
c:\thelab\development\generals-modern\build\gameengine.dir\release\wininstancedata.obj
c:\thelab\development\generals-modern\build\gameengine.dir\release\shellmenuscheme.obj
c:\thelab\development\generals-modern\build\gameengine.dir\release\headertemplate.obj
c:\thelab\development\generals-modern\build\gameengine.dir\release\gamefont.obj
c:\thelab\development\generals-modern\build\gameengine.dir\release\radiusdecal.obj
c:\thelab\development\generals-modern\build\gameengine.dir\release\parabolicease.obj
c:\thelab\development\generals-modern\build\gameengine.dir\release\placeeventtranslator.obj
c:\thelab\development\generals-modern\build\gameengine.dir\release\guicommandtranslator.obj
c:\thelab\development\generals-modern\build\gameengine.dir\release\line2d.obj
c:\thelab\development\generals-modern\build\gameengine.dir\release\graphdraw.obj
c:\thelab\development\generals-modern\build\gameengine.dir\release\globallanguage.obj
c:\thelab\development\generals-modern\build\gameengine.dir\release\gametext.obj
c:\thelab\development\generals-modern\build\gameengine.dir\release\aigroup.obj
c:\thelab\development\generals-modern\build\gameengine.dir\release\aidock.obj
c:\thelab\development\generals-modern\build\gameengine.dir\release\ai.obj
c:\thelab\development\generals-modern\build\gameengine.dir\release\water.obj
c:\thelab\development\generals-modern\build\gameengine.dir\release\view.obj
c:\thelab\development\generals-modern\build\gameengine.dir\release\videostream.obj
c:\thelab\development\generals-modern\build\gameengine.dir\release\videoplayer.obj
c:\thelab\development\generals-modern\build\gameengine.dir\release\terrainvisual.obj
c:\thelab\development\generals-modern\build\gameengine.dir\release\terrainroads.obj
c:\thelab\development\generals-modern\build\gameengine.dir\release\smudge.obj
c:\thelab\development\generals-modern\build\gameengine.dir\release\rayeffect.obj
c:\thelab\development\generals-modern\build\gameengine.dir\release\particlesys.obj
c:\thelab\development\generals-modern\build\gameengine.dir\release\image.obj
c:\thelab\development\generals-modern\build\gameengine.dir\release\debugdisplay.obj
c:\thelab\development\generals-modern\build\gameengine.dir\release\audiodebugdisplay.obj
c:\thelab\development\generals-modern\build\gameengine.dir\release\campaignmanager.obj
c:\thelab\development\generals-modern\build\gameengine.dir\release\anim2d.obj
c:\thelab\development\generals-modern\build\gameengine.dir\release\statistics.obj
c:\thelab\development\generals-modern\build\gameengine.dir\release\snow.obj
c:\thelab\development\generals-modern\build\gameengine.dir\release\bunkerbusterbehavior.obj
c:\thelab\development\generals-modern\build\gameengine.dir\release\bridgetowerbehavior.obj
c:\thelab\development\generals-modern\build\gameengine.dir\release\bridgescaffoldbehavior.obj
c:\thelab\development\generals-modern\build\gameengine.dir\release\bridgebehavior.obj
c:\thelab\development\generals-modern\build\gameengine.dir\release\behaviormodule.obj
c:\thelab\development\generals-modern\build\gameengine.dir\release\battlebusslowdeathbehavior.obj
c:\thelab\development\generals-modern\build\gameengine.dir\release\autohealbehavior.obj
c:\thelab\development\generals-modern\build\gameengine.dir\release\armor.obj
c:\thelab\development\generals-modern\build\gameengine.dir\release\sideslist.obj
c:\thelab\development\generals-modern\build\gameengine.dir\release\polygontrigger.obj
c:\thelab\development\generals-modern\build\gameengine.dir\release\squad.obj
c:\thelab\development\generals-modern\build\gameengine.dir\release\aitnguard.obj
c:\thelab\development\generals-modern\build\gameengine.dir\release\aistates.obj
c:\thelab\development\generals-modern\build\gameengine.dir\release\aiskirmishplayer.obj
c:\thelab\development\generals-modern\build\gameengine.dir\release\aiplayer.obj
c:\thelab\development\generals-modern\build\gameengine.dir\release\aiguardretaliate.obj
c:\thelab\development\generals-modern\build\gameengine.dir\release\aiguard.obj
c:\thelab\development\generals-modern\build\gameengine.dir\release\slowdeathbehavior.obj
c:\thelab\development\generals-modern\build\gameengine.dir\release\rebuildholebehavior.obj
c:\thelab\development\generals-modern\build\gameengine.dir\release\propagandatowerbehavior.obj
c:\thelab\development\generals-modern\build\gameengine.dir\release\propagandacenterbehavior.obj
c:\thelab\development\generals-modern\build\gameengine.dir\release\prisonbehavior.obj
c:\thelab\development\generals-modern\build\gameengine.dir\release\poisonedbehavior.obj
c:\thelab\development\generals-modern\build\gameengine.dir\release\parkingplacebehavior.obj
c:\thelab\development\generals-modern\build\gameengine.dir\release\powtruckbehavior.obj
c:\thelab\development\generals-modern\build\gameengine.dir\release\overchargebehavior.obj
c:\thelab\development\generals-modern\build\gameengine.dir\release\neutonblastbehavior.obj
c:\thelab\development\generals-modern\build\gameengine.dir\release\minefieldbehavior.obj
c:\thelab\development\generals-modern\build\gameengine.dir\release\jetslowdeathbehavior.obj
c:\thelab\development\generals-modern\build\gameengine.dir\release\instantdeathbehavior.obj
c:\thelab\development\generals-modern\build\gameengine.dir\release\grantstealthbehavior.obj
c:\thelab\development\generals-modern\build\gameengine.dir\release\generateminefieldbehavior.obj
c:\thelab\development\generals-modern\build\gameengine.dir\release\fireweaponwhendeadbehavior.obj
c:\thelab\development\generals-modern\build\gameengine.dir\release\fireweaponwhendamagedbehavior.obj
c:\thelab\development\generals-modern\build\gameengine.dir\release\dumbprojectilebehavior.obj
c:\thelab\development\generals-modern\build\gameengine.dir\release\sabotageinternetcentercratecollide.obj
c:\thelab\development\generals-modern\build\gameengine.dir\release\sabotagefakebuilding.obj
c:\thelab\development\generals-modern\build\gameengine.dir\release\sabotagecommandcentercratecollide.obj
c:\thelab\development\generals-modern\build\gameengine.dir\release\moneycratecollide.obj
c:\thelab\development\generals-modern\build\gameengine.dir\release\healcratecollide.obj
c:\thelab\development\generals-modern\build\gameengine.dir\release\cratecollide.obj
c:\thelab\development\generals-modern\build\gameengine.dir\release\converttohijackedvehiclecratecollide.obj
c:\thelab\development\generals-modern\build\gameengine.dir\release\converttocarbombcratecollide.obj
c:\thelab\development\generals-modern\build\gameengine.dir\release\collidemodule.obj
c:\thelab\development\generals-modern\build\gameengine.dir\release\undeadbody.obj
c:\thelab\development\generals-modern\build\gameengine.dir\release\structurebody.obj
c:\thelab\development\generals-modern\build\gameengine.dir\release\inactivebody.obj
c:\thelab\development\generals-modern\build\gameengine.dir\release\immortalbody.obj
c:\thelab\development\generals-modern\build\gameengine.dir\release\hivestructurebody.obj
c:\thelab\development\generals-modern\build\gameengine.dir\release\highlanderbody.obj
c:\thelab\development\generals-modern\build\gameengine.dir\release\bodymodule.obj
c:\thelab\development\generals-modern\build\gameengine.dir\release\activebody.obj
c:\thelab\development\generals-modern\build\gameengine.dir\release\techbuildingbehavior.obj
c:\thelab\development\generals-modern\build\gameengine.dir\release\supplywarehousecripplingbehavior.obj
c:\thelab\development\generals-modern\build\gameengine.dir\release\spawnbehavior.obj
c:\thelab\development\generals-modern\build\gameengine.dir\release\parachutecontain.obj
c:\thelab\development\generals-modern\build\gameengine.dir\release\overlordcontain.obj
c:\thelab\development\generals-modern\build\gameengine.dir\release\opencontain.obj
c:\thelab\development\generals-modern\build\gameengine.dir\release\mobnexuscontain.obj
c:\thelab\development\generals-modern\build\gameengine.dir\release\internethackcontain.obj
c:\thelab\development\generals-modern\build\gameengine.dir\release\helixcontain.obj
c:\thelab\development\generals-modern\build\gameengine.dir\release\healcontain.obj
c:\thelab\development\generals-modern\build\gameengine.dir\release\garrisoncontain.obj
c:\thelab\development\generals-modern\build\gameengine.dir\release\cavecontain.obj
c:\thelab\development\generals-modern\build\gameengine.dir\release\squishcollide.obj
c:\thelab\development\generals-modern\build\gameengine.dir\release\fireweaponcollide.obj
c:\thelab\development\generals-modern\build\gameengine.dir\release\veterancycratecollide.obj
c:\thelab\development\generals-modern\build\gameengine.dir\release\unitcratecollide.obj
c:\thelab\development\generals-modern\build\gameengine.dir\release\shroudcratecollide.obj
c:\thelab\development\generals-modern\build\gameengine.dir\release\salvagecratecollide.obj
c:\thelab\development\generals-modern\build\gameengine.dir\release\sabotagesupplydropzonecratecollide.obj
c:\thelab\development\generals-modern\build\gameengine.dir\release\sabotagesupplycentercratecollide.obj
c:\thelab\development\generals-modern\build\gameengine.dir\release\sabotagesuperweaponcratecollide.obj
c:\thelab\development\generals-modern\build\gameengine.dir\release\sabotagepowerplantcratecollide.obj
c:\thelab\development\generals-modern\build\gameengine.dir\release\sabotagemilitaryfactorycratecollide.obj
c:\thelab\development\generals-modern\build\gameengine.dir\release\damdie.obj
c:\thelab\development\generals-modern\build\gameengine.dir\release\crushdie.obj
c:\thelab\development\generals-modern\build\gameengine.dir\release\createobjectdie.obj
c:\thelab\development\generals-modern\build\gameengine.dir\release\createcratedie.obj
c:\thelab\development\generals-modern\build\gameengine.dir\release\destroymodule.obj
c:\thelab\development\generals-modern\build\gameengine.dir\release\transitiondamagefx.obj
c:\thelab\development\generals-modern\build\gameengine.dir\release\damagemodule.obj
c:\thelab\development\generals-modern\build\gameengine.dir\release\bonefxdamage.obj
c:\thelab\development\generals-modern\build\gameengine.dir\release\veterancygaincreate.obj
c:\thelab\development\generals-modern\build\gameengine.dir\release\supplywarehousecreate.obj
c:\thelab\development\generals-modern\build\gameengine.dir\release\supplycentercreate.obj
c:\thelab\development\generals-modern\build\gameengine.dir\release\specialpowercreate.obj
c:\thelab\development\generals-modern\build\gameengine.dir\release\preordercreate.obj
c:\thelab\development\generals-modern\build\gameengine.dir\release\lockweaponcreate.obj
c:\thelab\development\generals-modern\build\gameengine.dir\release\grantupgradecreate.obj
c:\thelab\development\generals-modern\build\gameengine.dir\release\createmodule.obj
c:\thelab\development\generals-modern\build\gameengine.dir\release\tunnelcontain.obj
c:\thelab\development\generals-modern\build\gameengine.dir\release\transportcontain.obj
c:\thelab\development\generals-modern\build\gameengine.dir\release\riderchangecontain.obj
c:\thelab\development\generals-modern\build\gameengine.dir\release\railedtransportcontain.obj
c:\thelab\development\generals-modern\build\gameengine.dir\release\locomotor.obj
c:\thelab\development\generals-modern\build\gameengine.dir\release\tempweaponbonushelper.obj
c:\thelab\development\generals-modern\build\gameengine.dir\release\subdualdamagehelper.obj
c:\thelab\development\generals-modern\build\gameengine.dir\release\statusdamagehelper.obj
c:\thelab\development\generals-modern\build\gameengine.dir\release\objectweaponstatushelper.obj
c:\thelab\development\generals-modern\build\gameengine.dir\release\objectsmchelper.obj
c:\thelab\development\generals-modern\build\gameengine.dir\release\objectrepulsorhelper.obj
c:\thelab\development\generals-modern\build\gameengine.dir\release\objecthelper.obj
c:\thelab\development\generals-modern\build\gameengine.dir\release\objectdefectionhelper.obj
c:\thelab\development\generals-modern\build\gameengine.dir\release\ghostobject.obj
c:\thelab\development\generals-modern\build\gameengine.dir\release\firingtracker.obj
c:\thelab\development\generals-modern\build\gameengine.dir\release\experiencetracker.obj
c:\thelab\development\generals-modern\build\gameengine.dir\release\upgradedie.obj
c:\thelab\development\generals-modern\build\gameengine.dir\release\specialpowercompletiondie.obj
c:\thelab\development\generals-modern\build\gameengine.dir\release\rebuildholeexposedie.obj
c:\thelab\development\generals-modern\build\gameengine.dir\release\keepobjectdie.obj
c:\thelab\development\generals-modern\build\gameengine.dir\release\fxlistdie.obj
c:\thelab\development\generals-modern\build\gameengine.dir\release\ejectpilotdie.obj
c:\thelab\development\generals-modern\build\gameengine.dir\release\diemodule.obj
c:\thelab\development\generals-modern\build\gameengine.dir\release\destroydie.obj
c:\thelab\development\generals-modern\build\gameengine.dir\release\deliverpayloadaiupdate.obj
c:\thelab\development\generals-modern\build\gameengine.dir\release\chinookaiupdate.obj
c:\thelab\development\generals-modern\build\gameengine.dir\release\assaulttransportaiupdate.obj
c:\thelab\development\generals-modern\build\gameengine.dir\release\aiupdate.obj
c:\thelab\development\generals-modern\build\gameengine.dir\release\spyvisionspecialpower.obj
c:\thelab\development\generals-modern\build\gameengine.dir\release\specialpowermodule.obj
c:\thelab\development\generals-modern\build\gameengine.dir\release\specialability.obj
c:\thelab\development\generals-modern\build\gameengine.dir\release\oclspecialpower.obj
c:\thelab\development\generals-modern\build\gameengine.dir\release\fireweaponpower.obj
c:\thelab\development\generals-modern\build\gameengine.dir\release\demoralizespecialpower.obj
c:\thelab\development\generals-modern\build\gameengine.dir\release\defectorspecialpower.obj
c:\thelab\development\generals-modern\build\gameengine.dir\release\cleanupareapower.obj
c:\thelab\development\generals-modern\build\gameengine.dir\release\cashhackspecialpower.obj
c:\thelab\development\generals-modern\build\gameengine.dir\release\cashbountypower.obj
c:\thelab\development\generals-modern\build\gameengine.dir\release\baikonurlaunchpower.obj
c:\thelab\development\generals-modern\build\gameengine.dir\release\simpleobjectiterator.obj
c:\thelab\development\generals-modern\build\gameengine.dir\release\partitionmanager.obj
c:\thelab\development\generals-modern\build\gameengine.dir\release\objecttypes.obj
c:\thelab\development\generals-modern\build\gameengine.dir\release\objectcreationlist.obj
c:\thelab\development\generals-modern\build\gameengine.dir\release\object.obj
c:\thelab\development\generals-modern\build\gameengine.dir\release\checkpointupdate.obj
c:\thelab\development\generals-modern\build\gameengine.dir\release\bonefxupdate.obj
c:\thelab\development\generals-modern\build\gameengine.dir\release\battleplanupdate.obj
c:\thelab\development\generals-modern\build\gameengine.dir\release\baserenerateupdate.obj
c:\thelab\development\generals-modern\build\gameengine.dir\release\autofindhealingupdate.obj
c:\thelab\development\generals-modern\build\gameengine.dir\release\autodepositupdate.obj
c:\thelab\development\generals-modern\build\gameengine.dir\release\assistedtargetingupdate.obj
c:\thelab\development\generals-modern\build\gameengine.dir\release\animationsteeringupdate.obj
c:\thelab\development\generals-modern\build\gameengine.dir\release\workeraiupdate.obj
c:\thelab\development\generals-modern\build\gameengine.dir\release\wanderaiupdate.obj
c:\thelab\development\generals-modern\build\gameengine.dir\release\transportaiupdate.obj
c:\thelab\development\generals-modern\build\gameengine.dir\release\supplytruckaiupdate.obj
c:\thelab\development\generals-modern\build\gameengine.dir\release\railedtransportaiupdate.obj
c:\thelab\development\generals-modern\build\gameengine.dir\release\powtruckaiupdate.obj
c:\thelab\development\generals-modern\build\gameengine.dir\release\missileaiupdate.obj
c:\thelab\development\generals-modern\build\gameengine.dir\release\hackinternetaiupdate.obj
c:\thelab\development\generals-modern\build\gameengine.dir\release\dozeraiupdate.obj
c:\thelab\development\generals-modern\build\gameengine.dir\release\deploystyleaiupdate.obj
c:\thelab\development\generals-modern\build\gameengine.dir\release\floatupdate.obj
c:\thelab\development\generals-modern\build\gameengine.dir\release\flammableupdate.obj
c:\thelab\development\generals-modern\build\gameengine.dir\release\firestormdynamicgeometryinfoupdate.obj
c:\thelab\development\generals-modern\build\gameengine.dir\release\fireweaponupdate.obj
c:\thelab\development\generals-modern\build\gameengine.dir\release\firespreadupdate.obj
c:\thelab\development\generals-modern\build\gameengine.dir\release\fireoclafterweaponcooldownupdate.obj
c:\thelab\development\generals-modern\build\gameengine.dir\release\enemynearupdate.obj
c:\thelab\development\generals-modern\build\gameengine.dir\release\empupdate.obj
c:\thelab\development\generals-modern\build\gameengine.dir\release\dynamicshroudclearingrangeupdate.obj
c:\thelab\development\generals-modern\build\gameengine.dir\release\dynamicgeometryinfoupdate.obj
c:\thelab\development\generals-modern\build\gameengine.dir\release\supplywarehousedockupdate.obj
c:\thelab\development\generals-modern\build\gameengine.dir\release\supplycenterdockupdate.obj
c:\thelab\development\generals-modern\build\gameengine.dir\release\repairdockupdate.obj
c:\thelab\development\generals-modern\build\gameengine.dir\release\railedtransportdockupdate.obj
c:\thelab\development\generals-modern\build\gameengine.dir\release\prisondockupdate.obj
c:\thelab\development\generals-modern\build\gameengine.dir\release\dockupdate.obj
c:\thelab\development\generals-modern\build\gameengine.dir\release\demotrapupdate.obj
c:\thelab\development\generals-modern\build\gameengine.dir\release\deletionupdate.obj
c:\thelab\development\generals-modern\build\gameengine.dir\release\commandbuttonhuntupdate.obj
c:\thelab\development\generals-modern\build\gameengine.dir\release\cleanuphazardupdate.obj
c:\thelab\development\generals-modern\build\gameengine.dir\release\supplycenterproductionexitupdate.obj
c:\thelab\development\generals-modern\build\gameengine.dir\release\spawnpointproductionexitupdate.obj
c:\thelab\development\generals-modern\build\gameengine.dir\release\queueproductionexitupdate.obj
c:\thelab\development\generals-modern\build\gameengine.dir\release\defaultproductionexitupdate.obj
c:\thelab\development\generals-modern\build\gameengine.dir\release\powerplantupdate.obj
c:\thelab\development\generals-modern\build\gameengine.dir\release\pointdefenselaserupdate.obj
c:\thelab\development\generals-modern\build\gameengine.dir\release\pilotfindvehicleupdate.obj
c:\thelab\development\generals-modern\build\gameengine.dir\release\physicsupdate.obj
c:\thelab\development\generals-modern\build\gameengine.dir\release\particleuplinkcannonupdate.obj
c:\thelab\development\generals-modern\build\gameengine.dir\release\oclupdate.obj
c:\thelab\development\generals-modern\build\gameengine.dir\release\neutronmissileupdate.obj
c:\thelab\development\generals-modern\build\gameengine.dir\release\neutronmissileslowdeathupdate.obj
c:\thelab\development\generals-modern\build\gameengine.dir\release\mobmemberslavedupdate.obj
c:\thelab\development\generals-modern\build\gameengine.dir\release\missilelauncherbuildingupdate.obj
c:\thelab\development\generals-modern\build\gameengine.dir\release\lifetimeupdate.obj
c:\thelab\development\generals-modern\build\gameengine.dir\release\laserupdate.obj
c:\thelab\development\generals-modern\build\gameengine.dir\release\hordeupdate.obj
c:\thelab\development\generals-modern\build\gameengine.dir\release\hijackerupdate.obj
c:\thelab\development\generals-modern\build\gameengine.dir\release\helicopterslowdeathupdate.obj
c:\thelab\development\generals-modern\build\gameengine.dir\release\heightdieupdate.obj
c:\thelab\development\generals-modern\build\gameengine.dir\release\updatemodule.obj
c:\thelab\development\generals-modern\build\gameengine.dir\release\toppleupdate.obj
c:\thelab\development\generals-modern\build\gameengine.dir\release\tensileformationupdate.obj
c:\thelab\development\generals-modern\build\gameengine.dir\release\structuretoppleupdate.obj
c:\thelab\development\generals-modern\build\gameengine.dir\release\structurecollapseupdate.obj
c:\thelab\development\generals-modern\build\gameengine.dir\release\stickybombupdate.obj
c:\thelab\development\generals-modern\build\gameengine.dir\release\stealthupdate.obj
c:\thelab\development\generals-modern\build\gameengine.dir\release\stealthdetectorupdate.obj
c:\thelab\development\generals-modern\build\gameengine.dir\release\spyvisionupdate.obj
c:\thelab\development\generals-modern\build\gameengine.dir\release\spectregunshipupdate.obj
c:\thelab\development\generals-modern\build\gameengine.dir\release\spectregunshipdeploymentupdate.obj
c:\thelab\development\generals-modern\build\gameengine.dir\release\specialpowerupdatemodule.obj
c:\thelab\development\generals-modern\build\gameengine.dir\release\specialabilityupdate.obj
c:\thelab\development\generals-modern\build\gameengine.dir\release\smartbombtargethomingupdate.obj
c:\thelab\development\generals-modern\build\gameengine.dir\release\slavedupdate.obj
c:\thelab\development\generals-modern\build\gameengine.dir\release\radiusdecalupdate.obj
c:\thelab\development\generals-modern\build\gameengine.dir\release\radarupdate.obj
c:\thelab\development\generals-modern\build\gameengine.dir\release\proneupdate.obj
c:\thelab\development\generals-modern\build\gameengine.dir\release\projectilestreamupdate.obj
c:\thelab\development\generals-modern\build\gameengine.dir\release\productionupdate.obj
c:\thelab\development\generals-modern\build\gameengine.dir\release\unpausespecialpowerupgrade.obj
c:\thelab\development\generals-modern\build\gameengine.dir\release\subobjectsupgrade.obj
c:\thelab\development\generals-modern\build\gameengine.dir\release\stealthupgrade.obj
c:\thelab\development\generals-modern\build\gameengine.dir\release\statusbitsupgrade.obj
c:\thelab\development\generals-modern\build\gameengine.dir\release\replaceobjectupgrade.obj
c:\thelab\development\generals-modern\build\gameengine.dir\release\radarupgrade.obj
c:\thelab\development\generals-modern\build\gameengine.dir\release\powerplantupgrade.obj
c:\thelab\development\generals-modern\build\gameengine.dir\release\passengersfireupgrade.obj
c:\thelab\development\generals-modern\build\gameengine.dir\release\objectcreationupgrade.obj
c:\thelab\development\generals-modern\build\gameengine.dir\release\modelconditionupgrade.obj
c:\thelab\development\generals-modern\build\gameengine.dir\release\maxhealthupgrade.obj
c:\thelab\development\generals-modern\build\gameengine.dir\release\locomotorsetupgrade.obj
c:\thelab\development\generals-modern\build\gameengine.dir\release\grantscienceupgrade.obj
c:\thelab\development\generals-modern\build\gameengine.dir\release\experiencescalarupgrade.obj
c:\thelab\development\generals-modern\build\gameengine.dir\release\costmodifierupgrade.obj
c:\thelab\development\generals-modern\build\gameengine.dir\release\commandsetupgrade.obj
c:\thelab\development\generals-modern\build\gameengine.dir\release\armorupgrade.obj
c:\thelab\development\generals-modern\build\gameengine.dir\release\activeshroudupgrade.obj
c:\thelab\development\generals-modern\build\gameengine.dir\release\weaponbonusupdate.obj
c:\thelab\development\generals-modern\build\gameengine.dir\release\waveguideupdate.obj
c:\thelab\development\generals-modern\build\gameengine.dir\release\downloadmanager.obj
c:\thelab\development\generals-modern\build\gameengine.dir\release\disconnectmanager.obj
c:\thelab\development\generals-modern\build\gameengine.dir\release\connection.obj
c:\thelab\development\generals-modern\build\gameengine.dir\release\rankinfo.obj
c:\thelab\development\generals-modern\build\gameengine.dir\release\damage.obj
c:\thelab\development\generals-modern\build\gameengine.dir\release\cratesystem.obj
c:\thelab\development\generals-modern\build\gameengine.dir\release\cavesystem.obj
c:\thelab\development\generals-modern\build\gameengine.dir\release\scripts.obj
c:\thelab\development\generals-modern\build\gameengine.dir\release\scriptconditions.obj
c:\thelab\development\generals-modern\build\gameengine.dir\release\weaponset.obj
c:\thelab\development\generals-modern\build\gameengine.dir\release\weaponsetupgrade.obj
c:\thelab\development\generals-modern\build\gameengine.dir\release\weaponbonusupgrade.obj
c:\thelab\development\generals-modern\build\gameengine.dir\release\upgrademodule.obj
c:\thelab\development\generals-modern\build\gameengine.dir\release\gsconfig.obj
c:\thelab\development\generals-modern\build\gameengine.dir\release\gamemessageparser.obj
c:\thelab\development\generals-modern\build\gameengine.dir\release\framemetrics.obj
c:\thelab\development\generals-modern\build\gameengine.dir\release\framedatamanager.obj
c:\thelab\development\generals-modern\build\gameengine.dir\release\framedata.obj
c:\thelab\development\generals-modern\build\gameengine.dir\release\firewallhelper.obj
c:\thelab\development\generals-modern\build\gameengine.dir\release\filetransfer.obj
c:\thelab\development\generals-modern\build\gameengine.dir\release\transport.obj
c:\thelab\development\generals-modern\build\gameengine.dir\release\networkutil.obj
c:\thelab\development\generals-modern\build\gameengine.dir\release\netmessagestream.obj
c:\thelab\development\generals-modern\build\gameengine.dir\release\netcommandwrapperlist.obj
c:\thelab\development\generals-modern\build\gameengine.dir\release\netcommandref.obj
c:\thelab\development\generals-modern\build\gameengine.dir\release\netcommandmsg.obj
c:\thelab\development\generals-modern\build\gameengine.dir\release\netcommandlist.obj
c:\thelab\development\generals-modern\build\gameengine.dir\release\lanapi.obj
c:\thelab\development\generals-modern\build\gameengine.dir\release\ipenumeration.obj
c:\thelab\development\generals-modern\build\gameengine.dir\release\threadutils.obj
c:\thelab\development\generals-modern\build\gameengine.dir\release\prerts.obj
c:\thelab\development\generals-modern\build\gameengine.dir\release\udp.obj
c:\thelab\development\generals-modern\build\gameengine.dir\release\user.obj
c:\thelab\development\generals-modern\build\gameengine.dir\release\statscollector.obj
c:\thelab\development\generals-modern\build\gameengine.dir\release\functionlexicon.obj
c:\thelab\development\generals-modern\build\gameengine.dir\release\radar.obj
c:\thelab\development\generals-modern\build\gameengine.dir\release\userpreferences.obj
c:\thelab\development\generals-modern\build\gameengine.dir\release\establishconnectionsmenu.obj
c:\thelab\development\generals-modern\build\gameengine.dir\release\disconnectmenu.obj
c:\thelab\development\generals-modern\build\gameengine.dir\release\controlbarunderconstruction.obj
c:\thelab\development\generals-modern\build\gameengine.dir\release\controlbarstructureinventory.obj
c:\thelab\development\generals-modern\build\gameengine.dir\release\controlbarresizer.obj
c:\thelab\development\generals-modern\build\gameengine.dir\release\controlbarprintpositions.obj
c:\thelab\development\generals-modern\build\gameengine.dir\release\controlbarobserver.obj
c:\thelab\development\generals-modern\build\gameengine.dir\release\controlbarocltimer.obj
c:\thelab\development\generals-modern\build\gameengine.dir\release\controlbarcommand.obj
c:\thelab\development\generals-modern\build\gameengine.dir\release\controlbarbeacon.obj
c:\thelab\development\generals-modern\build\gameengine.dir\release\lanmapselectmenu.obj
c:\thelab\development\generals-modern\build\gameengine.dir\release\keyboardoptionsmenu.obj
c:\thelab\development\generals-modern\build\gameengine.dir\release\establishconnectionswindow.obj
c:\thelab\development\generals-modern\build\gameengine.dir\release\downloadmenu.obj
c:\thelab\development\generals-modern\build\gameengine.dir\release\disconnectwindow.obj
c:\thelab\development\generals-modern\build\gameengine.dir\release\difficultyselect.obj
c:\thelab\development\generals-modern\build\gameengine.dir\release\creditsmenu.obj
c:\thelab\development\generals-modern\build\gameengine.dir\release\challengemenu.obj
c:\thelab\development\generals-modern\build\gameengine.dir\release\ingamepopupmessage.obj
c:\thelab\development\generals-modern\build\gameengine.dir\release\ingamechat.obj
c:\thelab\development\generals-modern\build\gameengine.dir\release\imecandidate.obj
c:\thelab\development\generals-modern\build\gameengine.dir\release\generalsexppoints.obj
c:\thelab\development\generals-modern\build\gameengine.dir\release\extendedmessagebox.obj
c:\thelab\development\generals-modern\build\gameengine.dir\release\wolcustomscorescreen.obj
c:\thelab\development\generals-modern\build\gameengine.dir\release\skirmishmapselectmenu.obj
c:\thelab\development\generals-modern\build\gameengine.dir\release\scorescreen.obj
c:\thelab\development\generals-modern\build\gameengine.dir\release\replaymenu.obj
c:\thelab\development\generals-modern\build\gameengine.dir\release\quitmenu.obj
c:\thelab\development\generals-modern\build\gameengine.dir\release\popupsaveload.obj
c:\thelab\development\generals-modern\build\gameengine.dir\release\popupreplay.obj
c:\thelab\development\generals-modern\build\gameengine.dir\release\popupplayerinfo.obj
c:\thelab\development\generals-modern\build\gameengine.dir\release\popupladderselect.obj
c:\thelab\development\generals-modern\build\gameengine.dir\release\popupjoingame.obj
c:\thelab\development\generals-modern\build\gameengine.dir\release\popuphostgame.obj
c:\thelab\development\generals-modern\build\gameengine.dir\release\popupcommunicator.obj
c:\thelab\development\generals-modern\build\gameengine.dir\release\optionsmenu.obj
c:\thelab\development\generals-modern\build\gameengine.dir\release\gadgettextentry.obj
c:\thelab\development\generals-modern\build\gameengine.dir\release\gadgettabcontrol.obj
c:\thelab\development\generals-modern\build\gameengine.dir\release\gadgetstatictext.obj
c:\thelab\development\generals-modern\build\gameengine.dir\release\gadgetradiobutton.obj
c:\thelab\development\generals-modern\build\gameengine.dir\release\gadgetpushbutton.obj
c:\thelab\development\generals-modern\build\gameengine.dir\release\gadgetprogressbar.obj
c:\thelab\development\generals-modern\build\gameengine.dir\release\gadgethorizontalslider.obj
c:\thelab\development\generals-modern\build\gameengine.dir\release\gadgetcheckbox.obj
c:\thelab\development\generals-modern\build\gameengine.dir\release\messagebox.obj
c:\thelab\development\generals-modern\build\gameengine.dir\release\wolstatusmenu.obj
c:\thelab\development\generals-modern\build\gameengine.dir\release\wolqmscorescreen.obj
c:\thelab\development\generals-modern\build\gameengine.dir\release\wolmessagewindow.obj
c:\thelab\development\generals-modern\build\gameengine.dir\release\wolmapselectmenu.obj
c:\thelab\development\generals-modern\build\gameengine.dir\release\wollocaleselectpopup.obj
c:\thelab\development\generals-modern\build\gameengine.dir\release\gameclient.obj
c:\thelab\development\generals-modern\build\gameengine.dir\release\windowlayout.obj
c:\thelab\development\generals-modern\build\gameengine.dir\release\loadscreen.obj
c:\thelab\development\generals-modern\build\gameengine.dir\release\imemanager.obj
c:\thelab\development\generals-modern\build\gameengine.dir\release\gamewindowtransitionsstyles.obj
c:\thelab\development\generals-modern\build\gameengine.dir\release\gamewindowtransitions.obj
c:\thelab\development\generals-modern\build\gameengine.dir\release\gamewindowmanagerscript.obj
c:\thelab\development\generals-modern\build\gameengine.dir\release\gamewindowmanager.obj
c:\thelab\development\generals-modern\build\gameengine.dir\release\gamewindowglobal.obj
c:\thelab\development\generals-modern\build\gameengine.dir\release\gamewindow.obj
c:\thelab\development\generals-modern\build\gameengine.dir\release\gadgetverticalslider.obj
c:\thelab\development\generals-modern\build\gameengine.dir\release\selectioninfo.obj
c:\thelab\development\generals-modern\build\gameengine.dir\release\windowxlat.obj
c:\thelab\development\generals-modern\build\gameengine.dir\release\selectionxlat.obj
c:\thelab\development\generals-modern\build\gameengine.dir\release\metaevent.obj
c:\thelab\development\generals-modern\build\gameengine.dir\release\lookatxlat.obj
c:\thelab\development\generals-modern\build\gameengine.dir\release\hotkey.obj
c:\thelab\development\generals-modern\build\gameengine.dir\release\hintspy.obj
c:\thelab\development\generals-modern\build\gameengine.dir\release\commandxlat.obj
c:\thelab\development\generals-modern\build\gameengine.dir\release\maputil.obj
c:\thelab\development\generals-modern\build\gameengine.dir\release\mouse.obj
c:\thelab\development\generals-modern\build\gameengine.dir\release\ingameui.obj
c:\thelab\development\generals-modern\build\gameengine.dir\release\connectionmanager.obj
c:\thelab\development\generals-modern\build\gameengine.dir\release\gamelogicdispatch.obj
c:\thelab\development\generals-modern\build\gameengine.dir\release\gamelogic.obj
c:\thelab\development\generals-modern\build\gameengine.dir\release\victoryconditions.obj
c:\thelab\development\generals-modern\build\gameengine.dir\release\scriptactions.obj
c:\thelab\development\generals-modern\build\gameengine.dir\release\peerdefs.obj
c:\thelab\development\generals-modern\build\gameengine.dir\release\mainmenuutils.obj
c:\thelab\development\generals-modern\build\gameengine.dir\release\ladderdefs.obj
c:\thelab\development\generals-modern\build\gameengine.dir\release\gameinfo.obj
c:\thelab\development\generals-modern\build\gameengine.dir\release\guiutil.obj
c:\thelab\development\generals-modern\build\gameengine.dir\release\network.obj
c:\thelab\development\generals-modern\build\gameengine.dir\release\nat.obj
c:\thelab\development\generals-modern\build\gameengine.dir\release\lanapihandlers.obj
c:\thelab\development\generals-modern\build\gameengine.dir\release\lanapicallbacks.obj
c:\thelab\development\generals-modern\build\gameengine.dir\release\gamespyoverlay.obj
c:\thelab\development\generals-modern\build\cmakefiles\generate.stamp
c:\thelab\development\generals-modern\build\gameengine.dir\release\gameengine.tlog\cl.command.1.tlog
c:\thelab\development\generals-modern\build\gameengine.dir\release\gameengine.tlog\cl.read.1.tlog
c:\thelab\development\generals-modern\build\gameengine.dir\release\gameengine.tlog\cl.write.1.tlog
c:\thelab\development\generals-modern\build\gameengine.dir\release\gameengine.tlog\custombuild.command.1.tlog
c:\thelab\development\generals-modern\build\gameengine.dir\release\gameengine.tlog\custombuild.read.1.tlog
c:\thelab\development\generals-modern\build\gameengine.dir\release\gameengine.tlog\custombuild.write.1.tlog
