c:\thelab\development\generals-modern\build\wwshade.dir\release\shdloader.obj
c:\thelab\development\generals-modern\build\wwshade.dir\release\shdlib.obj
c:\thelab\development\generals-modern\build\wwshade.dir\release\shdinterface.obj
c:\thelab\development\generals-modern\build\wwshade.dir\release\shdforcelinks.obj
c:\thelab\development\generals-modern\build\wwshade.dir\release\shddefmanager.obj
c:\thelab\development\generals-modern\build\wwshade.dir\release\shddeffactory.obj
c:\thelab\development\generals-modern\build\wwshade.dir\release\shddef.obj
c:\thelab\development\generals-modern\build\wwshade.dir\release\shdrenderer.obj
c:\thelab\development\generals-modern\build\wwshade.dir\release\shdsubmesh.obj
c:\thelab\development\generals-modern\build\wwshade.dir\release\shdsimple.obj
c:\thelab\development\generals-modern\build\wwshade.dir\release\shdmesh.obj
c:\thelab\development\generals-modern\build\wwshade.dir\release\shdlegacyw3d.obj
c:\thelab\development\generals-modern\build\wwshade.dir\release\shdhwshader.obj
c:\thelab\development\generals-modern\build\wwshade.dir\release\shdglossmask.obj
c:\thelab\development\generals-modern\build\wwshade.dir\release\shdcubemap.obj
c:\thelab\development\generals-modern\build\wwshade.dir\release\shdbumpspec.obj
c:\thelab\development\generals-modern\build\wwshade.dir\release\shdbumpdiff.obj
c:\thelab\development\generals-modern\build\wwshade.dir\release\shd8bumpspec.obj
c:\thelab\development\generals-modern\build\wwshade.dir\release\shd8bumpdiff.obj
c:\thelab\development\generals-modern\build\wwshade.dir\release\shd7bumpspec.obj
c:\thelab\development\generals-modern\build\wwshade.dir\release\shd7bumpdiff.obj
c:\thelab\development\generals-modern\build\wwshade.dir\release\shd6bumpspec.obj
c:\thelab\development\generals-modern\build\wwshade.dir\release\shd6bumpdiff.obj
c:\thelab\development\generals-modern\build\cmakefiles\generate.stamp
c:\thelab\development\generals-modern\build\release\wwshade.lib
c:\thelab\development\generals-modern\build\wwshade.dir\release\wwshade.tlog\cl.command.1.tlog
c:\thelab\development\generals-modern\build\wwshade.dir\release\wwshade.tlog\cl.items.tlog
c:\thelab\development\generals-modern\build\wwshade.dir\release\wwshade.tlog\cl.read.1.tlog
c:\thelab\development\generals-modern\build\wwshade.dir\release\wwshade.tlog\cl.write.1.tlog
c:\thelab\development\generals-modern\build\wwshade.dir\release\wwshade.tlog\custombuild.command.1.tlog
c:\thelab\development\generals-modern\build\wwshade.dir\release\wwshade.tlog\custombuild.read.1.tlog
c:\thelab\development\generals-modern\build\wwshade.dir\release\wwshade.tlog\custombuild.write.1.tlog
c:\thelab\development\generals-modern\build\wwshade.dir\release\wwshade.tlog\lib-link.read.1.tlog
c:\thelab\development\generals-modern\build\wwshade.dir\release\wwshade.tlog\lib-link.write.1.tlog
c:\thelab\development\generals-modern\build\wwshade.dir\release\wwshade.tlog\lib.command.1.tlog
