c:\thelab\development\generals-modern\build\wwaudio.dir\release\soundstreamhandle.obj
c:\thelab\development\generals-modern\build\wwaudio.dir\release\soundhandle.obj
c:\thelab\development\generals-modern\build\wwaudio.dir\release\sound3dhandle.obj
c:\thelab\development\generals-modern\build\wwaudio.dir\release\sound2dhandle.obj
c:\thelab\development\generals-modern\build\wwaudio.dir\release\listenerhandle.obj
c:\thelab\development\generals-modern\build\wwaudio.dir\release\wwaudio.obj
c:\thelab\development\generals-modern\build\wwaudio.dir\release\utils.obj
c:\thelab\development\generals-modern\build\wwaudio.dir\release\threads.obj
c:\thelab\development\generals-modern\build\wwaudio.dir\release\soundsceneobj.obj
c:\thelab\development\generals-modern\build\wwaudio.dir\release\soundscene.obj
c:\thelab\development\generals-modern\build\wwaudio.dir\release\soundpseudo3d.obj
c:\thelab\development\generals-modern\build\wwaudio.dir\release\soundbuffer.obj
c:\thelab\development\generals-modern\build\wwaudio.dir\release\sound3d.obj
c:\thelab\development\generals-modern\build\wwaudio.dir\release\logicalsound.obj
c:\thelab\development\generals-modern\build\wwaudio.dir\release\logicallistener.obj
c:\thelab\development\generals-modern\build\wwaudio.dir\release\listener.obj
c:\thelab\development\generals-modern\build\wwaudio.dir\release\filteredsound.obj
c:\thelab\development\generals-modern\build\wwaudio.dir\release\audiosaveload.obj
c:\thelab\development\generals-modern\build\wwaudio.dir\release\audiblesound.obj
c:\thelab\development\generals-modern\build\cmakefiles\generate.stamp
c:\thelab\development\generals-modern\build\release\wwaudio.lib
c:\thelab\development\generals-modern\build\wwaudio.dir\release\wwaudio.tlog\cl.command.1.tlog
c:\thelab\development\generals-modern\build\wwaudio.dir\release\wwaudio.tlog\cl.items.tlog
c:\thelab\development\generals-modern\build\wwaudio.dir\release\wwaudio.tlog\cl.read.1.tlog
c:\thelab\development\generals-modern\build\wwaudio.dir\release\wwaudio.tlog\cl.write.1.tlog
c:\thelab\development\generals-modern\build\wwaudio.dir\release\wwaudio.tlog\custombuild.command.1.tlog
c:\thelab\development\generals-modern\build\wwaudio.dir\release\wwaudio.tlog\custombuild.read.1.tlog
c:\thelab\development\generals-modern\build\wwaudio.dir\release\wwaudio.tlog\custombuild.write.1.tlog
c:\thelab\development\generals-modern\build\wwaudio.dir\release\wwaudio.tlog\lib-link.read.1.tlog
c:\thelab\development\generals-modern\build\wwaudio.dir\release\wwaudio.tlog\lib-link.write.1.tlog
c:\thelab\development\generals-modern\build\wwaudio.dir\release\wwaudio.tlog\lib.command.1.tlog
