c:\thelab\development\generals-modern\build\compression.dir\release\noxcompress.obj
c:\thelab\development\generals-modern\build\compression.dir\release\refencode.obj
c:\thelab\development\generals-modern\build\compression.dir\release\refdecode.obj
c:\thelab\development\generals-modern\build\compression.dir\release\refabout.obj
c:\thelab\development\generals-modern\build\compression.dir\release\huffencode.obj
c:\thelab\development\generals-modern\build\compression.dir\release\huffdecode.obj
c:\thelab\development\generals-modern\build\compression.dir\release\huffabout.obj
c:\thelab\development\generals-modern\build\compression.dir\release\btreeencode.obj
c:\thelab\development\generals-modern\build\compression.dir\release\btreedecode.obj
c:\thelab\development\generals-modern\build\compression.dir\release\btreeabout.obj
c:\thelab\development\generals-modern\build\compression.dir\release\compressionmanager.obj
c:\thelab\development\generals-modern\build\cmakefiles\generate.stamp
c:\thelab\development\generals-modern\build\release\compression.lib
c:\thelab\development\generals-modern\build\compression.dir\release\compression.tlog\cl.command.1.tlog
c:\thelab\development\generals-modern\build\compression.dir\release\compression.tlog\cl.items.tlog
c:\thelab\development\generals-modern\build\compression.dir\release\compression.tlog\cl.read.1.tlog
c:\thelab\development\generals-modern\build\compression.dir\release\compression.tlog\cl.write.1.tlog
c:\thelab\development\generals-modern\build\compression.dir\release\compression.tlog\custombuild.command.1.tlog
c:\thelab\development\generals-modern\build\compression.dir\release\compression.tlog\custombuild.read.1.tlog
c:\thelab\development\generals-modern\build\compression.dir\release\compression.tlog\custombuild.write.1.tlog
c:\thelab\development\generals-modern\build\compression.dir\release\compression.tlog\lib-link.read.1.tlog
c:\thelab\development\generals-modern\build\compression.dir\release\compression.tlog\lib-link.write.1.tlog
c:\thelab\development\generals-modern\build\compression.dir\release\compression.tlog\lib.command.1.tlog
