c:\thelab\development\generals-modern\build\ww3d2.dir\release\coltest.obj
c:\thelab\development\generals-modern\build\ww3d2.dir\release\collect.obj
c:\thelab\development\generals-modern\build\ww3d2.dir\release\camera.obj
c:\thelab\development\generals-modern\build\ww3d2.dir\release\bwrender.obj
c:\thelab\development\generals-modern\build\ww3d2.dir\release\bw_render.obj
c:\thelab\development\generals-modern\build\ww3d2.dir\release\boxrobj.obj
c:\thelab\development\generals-modern\build\ww3d2.dir\release\bmp2d.obj
c:\thelab\development\generals-modern\build\ww3d2.dir\release\bitmaphandler.obj
c:\thelab\development\generals-modern\build\ww3d2.dir\release\assetstatus.obj
c:\thelab\development\generals-modern\build\ww3d2.dir\release\animobj.obj
c:\thelab\development\generals-modern\build\ww3d2.dir\release\animatedsoundmgr.obj
c:\thelab\development\generals-modern\build\ww3d2.dir\release\agg_def.obj
c:\thelab\development\generals-modern\build\ww3d2.dir\release\aabtreebuilder.obj
c:\thelab\development\generals-modern\build\ww3d2.dir\release\aabtree.obj
c:\thelab\development\generals-modern\build\ww3d2.dir\release\framgrab.obj
c:\thelab\development\generals-modern\build\ww3d2.dir\release\bgfxvertexbuffer.obj
c:\thelab\development\generals-modern\build\ww3d2.dir\release\bgfxindexbuffer.obj
c:\thelab\development\generals-modern\build\ww3d2.dir\release\bgfxcaps.obj
c:\thelab\development\generals-modern\build\ww3d2.dir\release\hanim.obj
c:\thelab\development\generals-modern\build\ww3d2.dir\release\font3d.obj
c:\thelab\development\generals-modern\build\ww3d2.dir\release\dx8webbrowser.obj
c:\thelab\development\generals-modern\build\ww3d2.dir\release\dx8texman.obj
c:\thelab\development\generals-modern\build\ww3d2.dir\release\dx8renderer.obj
c:\thelab\development\generals-modern\build\ww3d2.dir\release\dx8caps.obj
c:\thelab\development\generals-modern\build\ww3d2.dir\release\distlod.obj
c:\thelab\development\generals-modern\build\ww3d2.dir\release\decalsys.obj
c:\thelab\development\generals-modern\build\ww3d2.dir\release\ddsfile.obj
c:\thelab\development\generals-modern\build\ww3d2.dir\release\composite.obj
c:\thelab\development\generals-modern\build\ww3d2.dir\release\meshbuild.obj
c:\thelab\development\generals-modern\build\ww3d2.dir\release\matpass.obj
c:\thelab\development\generals-modern\build\ww3d2.dir\release\mapper.obj
c:\thelab\development\generals-modern\build\ww3d2.dir\release\linegrp.obj
c:\thelab\development\generals-modern\build\ww3d2.dir\release\line3d.obj
c:\thelab\development\generals-modern\build\ww3d2.dir\release\light.obj
c:\thelab\development\generals-modern\build\ww3d2.dir\release\layer.obj
c:\thelab\development\generals-modern\build\ww3d2.dir\release\intersec.obj
c:\thelab\development\generals-modern\build\ww3d2.dir\release\htreemgr.obj
c:\thelab\development\generals-modern\build\ww3d2.dir\release\htree.obj
c:\thelab\development\generals-modern\build\ww3d2.dir\release\hrawanim.obj
c:\thelab\development\generals-modern\build\ww3d2.dir\release\hmdldef.obj
c:\thelab\development\generals-modern\build\ww3d2.dir\release\hlod.obj
c:\thelab\development\generals-modern\build\ww3d2.dir\release\hcanim.obj
c:\thelab\development\generals-modern\build\ww3d2.dir\release\proto.obj
c:\thelab\development\generals-modern\build\ww3d2.dir\release\projector.obj
c:\thelab\development\generals-modern\build\ww3d2.dir\release\prim_anim.obj
c:\thelab\development\generals-modern\build\ww3d2.dir\release\predlod.obj
c:\thelab\development\generals-modern\build\ww3d2.dir\release\pot.obj
c:\thelab\development\generals-modern\build\ww3d2.dir\release\polyinfo.obj
c:\thelab\development\generals-modern\build\ww3d2.dir\release\pivot.obj
c:\thelab\development\generals-modern\build\ww3d2.dir\release\part_ldr.obj
c:\thelab\development\generals-modern\build\ww3d2.dir\release\part_emt.obj
c:\thelab\development\generals-modern\build\ww3d2.dir\release\part_buf.obj
c:\thelab\development\generals-modern\build\ww3d2.dir\release\nullrobj.obj
c:\thelab\development\generals-modern\build\ww3d2.dir\release\motchan.obj
c:\thelab\development\generals-modern\build\ww3d2.dir\release\metalmap.obj
c:\thelab\development\generals-modern\build\ww3d2.dir\release\meshgeometry.obj
c:\thelab\development\generals-modern\build\ww3d2.dir\release\meshdam.obj
c:\thelab\development\generals-modern\build\ww3d2.dir\release\streak.obj
c:\thelab\development\generals-modern\build\ww3d2.dir\release\statistics.obj
c:\thelab\development\generals-modern\build\ww3d2.dir\release\static_sort_list.obj
c:\thelab\development\generals-modern\build\ww3d2.dir\release\sphereobj.obj
c:\thelab\development\generals-modern\build\ww3d2.dir\release\soundrobj.obj
c:\thelab\development\generals-modern\build\ww3d2.dir\release\snappts.obj
c:\thelab\development\generals-modern\build\ww3d2.dir\release\segline.obj
c:\thelab\development\generals-modern\build\ww3d2.dir\release\scene.obj
c:\thelab\development\generals-modern\build\ww3d2.dir\release\ringobj.obj
c:\thelab\development\generals-modern\build\ww3d2.dir\release\rinfo.obj
c:\thelab\development\generals-modern\build\ww3d2.dir\release\renderobjectrecycler.obj
c:\thelab\development\generals-modern\build\ww3d2.dir\release\render2d.obj
c:\thelab\development\generals-modern\build\ww3d2.dir\release\ww3dformat.obj
c:\thelab\development\generals-modern\build\ww3d2.dir\release\w3dexclusionlist.obj
c:\thelab\development\generals-modern\build\ww3d2.dir\release\w3d_util.obj
c:\thelab\development\generals-modern\build\ww3d2.dir\release\w3d_dep.obj
c:\thelab\development\generals-modern\build\ww3d2.dir\release\visrasterizer.obj
c:\thelab\development\generals-modern\build\ww3d2.dir\release\vertmaterial.obj
c:\thelab\development\generals-modern\build\ww3d2.dir\release\txt2d.obj
c:\thelab\development\generals-modern\build\ww3d2.dir\release\txt.obj
c:\thelab\development\generals-modern\build\ww3d2.dir\release\texturethumbnail.obj
c:\thelab\development\generals-modern\build\ww3d2.dir\release\textureloader.obj
c:\thelab\development\generals-modern\build\ww3d2.dir\release\texturefilter.obj
c:\thelab\development\generals-modern\build\ww3d2.dir\release\texturefile.obj
c:\thelab\development\generals-modern\build\ww3d2.dir\release\texproject.obj
c:\thelab\development\generals-modern\build\ww3d2.dir\release\texfcach.obj
c:\thelab\development\generals-modern\build\ww3d2.dir\release\surfaceclass.obj
c:\thelab\development\generals-modern\build\ww3d2.dir\release\stripoptimizer.obj
c:\thelab\development\generals-modern\build\ww3d2.dir\release\dx8rendererdebugger.obj
c:\thelab\development\generals-modern\build\ww3d2.dir\release\dx8polygonrenderer.obj
c:\thelab\development\generals-modern\build\ww3d2.dir\release\dx8fvf.obj
c:\thelab\development\generals-modern\build\ww3d2.dir\release\decalmsh.obj
c:\thelab\development\generals-modern\build\ww3d2.dir\release\meshmatdesc.obj
c:\thelab\development\generals-modern\build\ww3d2.dir\release\mesh.obj
c:\thelab\development\generals-modern\build\ww3d2.dir\release\matinfo.obj
c:\thelab\development\generals-modern\build\ww3d2.dir\release\meshmdl.obj
c:\thelab\development\generals-modern\build\ww3d2.dir\release\seglinerenderer.obj
c:\thelab\development\generals-modern\build\ww3d2.dir\release\sr_util.obj
c:\thelab\development\generals-modern\build\ww3d2.dir\release\bgfxwrapper.obj
c:\thelab\development\generals-modern\build\ww3d2.dir\release\dazzle.obj
c:\thelab\development\generals-modern\build\ww3d2.dir\release\sortingrenderer.obj
c:\thelab\development\generals-modern\build\ww3d2.dir\release\shattersystem.obj
c:\thelab\development\generals-modern\build\ww3d2.dir\release\shader.obj
c:\thelab\development\generals-modern\build\ww3d2.dir\release\rendobj.obj
c:\thelab\development\generals-modern\build\ww3d2.dir\release\ww3d.obj
c:\thelab\development\generals-modern\build\ww3d2.dir\release\texture.obj
c:\thelab\development\generals-modern\build\ww3d2.dir\release\textdraw.obj
c:\thelab\development\generals-modern\build\ww3d2.dir\release\streakrender.obj
c:\thelab\development\generals-modern\build\ww3d2.dir\release\meshmdlio.obj
c:\thelab\development\generals-modern\build\ww3d2.dir\release\matrixmapper.obj
c:\thelab\development\generals-modern\build\ww3d2.dir\release\lightenvironment.obj
c:\thelab\development\generals-modern\build\ww3d2.dir\release\render2dsentence.obj
c:\thelab\development\generals-modern\build\ww3d2.dir\release\dx8indexbuffer.obj
c:\thelab\development\generals-modern\build\ww3d2.dir\release\assetmgr.obj
c:\thelab\development\generals-modern\build\ww3d2.dir\release\hmorphanim.obj
c:\thelab\development\generals-modern\build\ww3d2.dir\release\hanimmgr.obj
c:\thelab\development\generals-modern\build\ww3d2.dir\release\formconv.obj
c:\thelab\development\generals-modern\build\ww3d2.dir\release\dx8vertexbuffer.obj
c:\thelab\development\generals-modern\build\ww3d2.dir\release\pointgr.obj
c:\thelab\development\generals-modern\build\ww3d2.dir\release\dynamesh.obj
c:\thelab\development\generals-modern\build\cmakefiles\generate.stamp
c:\thelab\development\generals-modern\build\release\ww3d2.lib
c:\thelab\development\generals-modern\build\ww3d2.dir\release\ww3d2.tlog\cl.command.1.tlog
c:\thelab\development\generals-modern\build\ww3d2.dir\release\ww3d2.tlog\cl.items.tlog
c:\thelab\development\generals-modern\build\ww3d2.dir\release\ww3d2.tlog\cl.read.1.tlog
c:\thelab\development\generals-modern\build\ww3d2.dir\release\ww3d2.tlog\cl.write.1.tlog
c:\thelab\development\generals-modern\build\ww3d2.dir\release\ww3d2.tlog\custombuild.command.1.tlog
c:\thelab\development\generals-modern\build\ww3d2.dir\release\ww3d2.tlog\custombuild.read.1.tlog
c:\thelab\development\generals-modern\build\ww3d2.dir\release\ww3d2.tlog\custombuild.write.1.tlog
c:\thelab\development\generals-modern\build\ww3d2.dir\release\ww3d2.tlog\lib-link.read.1.tlog
c:\thelab\development\generals-modern\build\ww3d2.dir\release\ww3d2.tlog\lib-link.write.1.tlog
c:\thelab\development\generals-modern\build\ww3d2.dir\release\ww3d2.tlog\lib.command.1.tlog
