c:\thelab\development\generals-modern\build\wwmath.dir\release\hermitespline.obj
c:\thelab\development\generals-modern\build\wwmath.dir\release\gridcull.obj
c:\thelab\development\generals-modern\build\wwmath.dir\release\frustum.obj
c:\thelab\development\generals-modern\build\wwmath.dir\release\euler.obj
c:\thelab\development\generals-modern\build\wwmath.dir\release\curve.obj
c:\thelab\development\generals-modern\build\wwmath.dir\release\cullsys.obj
c:\thelab\development\generals-modern\build\wwmath.dir\release\colmathsphere.obj
c:\thelab\development\generals-modern\build\wwmath.dir\release\colmathplane.obj
c:\thelab\development\generals-modern\build\wwmath.dir\release\colmathobbtri.obj
c:\thelab\development\generals-modern\build\wwmath.dir\release\colmathobbox.obj
c:\thelab\development\generals-modern\build\wwmath.dir\release\colmathobbobb.obj
c:\thelab\development\generals-modern\build\wwmath.dir\release\colmathline.obj
c:\thelab\development\generals-modern\build\wwmath.dir\release\colmathfrustum.obj
c:\thelab\development\generals-modern\build\wwmath.dir\release\colmathaabtri.obj
c:\thelab\development\generals-modern\build\wwmath.dir\release\colmathaabox.obj
c:\thelab\development\generals-modern\build\wwmath.dir\release\colmath.obj
c:\thelab\development\generals-modern\build\wwmath.dir\release\catmullromspline.obj
c:\thelab\development\generals-modern\build\wwmath.dir\release\cardinalspline.obj
c:\thelab\development\generals-modern\build\wwmath.dir\release\aabtreecull.obj
c:\thelab\development\generals-modern\build\wwmath.dir\release\aabox.obj
c:\thelab\development\generals-modern\build\wwmath.dir\release\wwmath.obj
c:\thelab\development\generals-modern\build\wwmath.dir\release\vp.obj
c:\thelab\development\generals-modern\build\wwmath.dir\release\vehiclecurve.obj
c:\thelab\development\generals-modern\build\wwmath.dir\release\v3_rnd.obj
c:\thelab\development\generals-modern\build\wwmath.dir\release\tri.obj
c:\thelab\development\generals-modern\build\wwmath.dir\release\tcbspline.obj
c:\thelab\development\generals-modern\build\wwmath.dir\release\quat.obj
c:\thelab\development\generals-modern\build\wwmath.dir\release\pot.obj
c:\thelab\development\generals-modern\build\wwmath.dir\release\ode.obj
c:\thelab\development\generals-modern\build\wwmath.dir\release\obbox.obj
c:\thelab\development\generals-modern\build\wwmath.dir\release\matrix4.obj
c:\thelab\development\generals-modern\build\wwmath.dir\release\matrix3d.obj
c:\thelab\development\generals-modern\build\wwmath.dir\release\matrix3.obj
c:\thelab\development\generals-modern\build\wwmath.dir\release\lookuptable.obj
c:\thelab\development\generals-modern\build\wwmath.dir\release\lineseg.obj
c:\thelab\development\generals-modern\build\cmakefiles\generate.stamp
c:\thelab\development\generals-modern\build\release\wwmath.lib
c:\thelab\development\generals-modern\build\wwmath.dir\release\wwmath.tlog\cl.command.1.tlog
c:\thelab\development\generals-modern\build\wwmath.dir\release\wwmath.tlog\cl.items.tlog
c:\thelab\development\generals-modern\build\wwmath.dir\release\wwmath.tlog\cl.read.1.tlog
c:\thelab\development\generals-modern\build\wwmath.dir\release\wwmath.tlog\cl.write.1.tlog
c:\thelab\development\generals-modern\build\wwmath.dir\release\wwmath.tlog\custombuild.command.1.tlog
c:\thelab\development\generals-modern\build\wwmath.dir\release\wwmath.tlog\custombuild.read.1.tlog
c:\thelab\development\generals-modern\build\wwmath.dir\release\wwmath.tlog\custombuild.write.1.tlog
c:\thelab\development\generals-modern\build\wwmath.dir\release\wwmath.tlog\lib-link.read.1.tlog
c:\thelab\development\generals-modern\build\wwmath.dir\release\wwmath.tlog\lib-link.write.1.tlog
c:\thelab\development\generals-modern\build\wwmath.dir\release\wwmath.tlog\lib.command.1.tlog
