c:\thelab\development\generals-modern\build\wwsaveload.dir\release\wwsaveload.obj
c:\thelab\development\generals-modern\build\wwsaveload.dir\release\twiddler.obj
c:\thelab\development\generals-modern\build\wwsaveload.dir\release\saveloadsubsystem.obj
c:\thelab\development\generals-modern\build\wwsaveload.dir\release\saveloadstatus.obj
c:\thelab\development\generals-modern\build\wwsaveload.dir\release\saveload.obj
c:\thelab\development\generals-modern\build\wwsaveload.dir\release\pointerremap.obj
c:\thelab\development\generals-modern\build\wwsaveload.dir\release\persistfactory.obj
c:\thelab\development\generals-modern\build\wwsaveload.dir\release\parameter.obj
c:\thelab\development\generals-modern\build\wwsaveload.dir\release\definitionmgr.obj
c:\thelab\development\generals-modern\build\wwsaveload.dir\release\definitionfactorymgr.obj
c:\thelab\development\generals-modern\build\wwsaveload.dir\release\definitionfactory.obj
c:\thelab\development\generals-modern\build\wwsaveload.dir\release\definition.obj
c:\thelab\development\generals-modern\build\cmakefiles\generate.stamp
c:\thelab\development\generals-modern\build\release\wwsaveload.lib
c:\thelab\development\generals-modern\build\wwsaveload.dir\release\wwsaveload.tlog\cl.command.1.tlog
c:\thelab\development\generals-modern\build\wwsaveload.dir\release\wwsaveload.tlog\cl.items.tlog
c:\thelab\development\generals-modern\build\wwsaveload.dir\release\wwsaveload.tlog\cl.read.1.tlog
c:\thelab\development\generals-modern\build\wwsaveload.dir\release\wwsaveload.tlog\cl.write.1.tlog
c:\thelab\development\generals-modern\build\wwsaveload.dir\release\wwsaveload.tlog\custombuild.command.1.tlog
c:\thelab\development\generals-modern\build\wwsaveload.dir\release\wwsaveload.tlog\custombuild.read.1.tlog
c:\thelab\development\generals-modern\build\wwsaveload.dir\release\wwsaveload.tlog\custombuild.write.1.tlog
c:\thelab\development\generals-modern\build\wwsaveload.dir\release\wwsaveload.tlog\lib-link.read.1.tlog
c:\thelab\development\generals-modern\build\wwsaveload.dir\release\wwsaveload.tlog\lib-link.write.1.tlog
c:\thelab\development\generals-modern\build\wwsaveload.dir\release\wwsaveload.tlog\lib.command.1.tlog
