c:\thelab\development\generals-modern\build\wwlib.dir\release\chunkio.obj
c:\thelab\development\generals-modern\build\wwlib.dir\release\bufffile.obj
c:\thelab\development\generals-modern\build\wwlib.dir\release\buff.obj
c:\thelab\development\generals-modern\build\wwlib.dir\release\blwstraw.obj
c:\thelab\development\generals-modern\build\wwlib.dir\release\blowpipe.obj
c:\thelab\development\generals-modern\build\wwlib.dir\release\blowfish.obj
c:\thelab\development\generals-modern\build\wwlib.dir\release\blit.obj
c:\thelab\development\generals-modern\build\wwlib.dir\release\bfiofile.obj
c:\thelab\development\generals-modern\build\wwlib.dir\release\base64.obj
c:\thelab\development\generals-modern\build\wwlib.dir\release\b64straw.obj
c:\thelab\development\generals-modern\build\wwlib.dir\release\b64pipe.obj
c:\thelab\development\generals-modern\build\wwlib.dir\release\argv.obj
c:\thelab\development\generals-modern\build\wwlib.dir\release\_timer.obj
c:\thelab\development\generals-modern\build\wwlib.dir\release\_mono.obj
c:\thelab\development\generals-modern\build\wwlib.dir\release\_convert.obj
c:\thelab\development\generals-modern\build\wwlib.dir\release\wwcomutil.obj
c:\thelab\development\generals-modern\build\wwlib.dir\release\targa.obj
c:\thelab\development\generals-modern\build\wwlib.dir\release\launchweb.obj
c:\thelab\development\generals-modern\build\wwlib.dir\release\fastallocator.obj
c:\thelab\development\generals-modern\build\wwlib.dir\release\except.obj
c:\thelab\development\generals-modern\build\wwlib.dir\release\lcw.obj
c:\thelab\development\generals-modern\build\wwlib.dir\release\keyboard.obj
c:\thelab\development\generals-modern\build\wwlib.dir\release\jshell.obj
c:\thelab\development\generals-modern\build\wwlib.dir\release\int.obj
c:\thelab\development\generals-modern\build\wwlib.dir\release\ini.obj
c:\thelab\development\generals-modern\build\wwlib.dir\release\hsv.obj
c:\thelab\development\generals-modern\build\wwlib.dir\release\hash.obj
c:\thelab\development\generals-modern\build\wwlib.dir\release\gcd_lcm.obj
c:\thelab\development\generals-modern\build\wwlib.dir\release\fixed.obj
c:\thelab\development\generals-modern\build\wwlib.dir\release\ffactory.obj
c:\thelab\development\generals-modern\build\wwlib.dir\release\draw.obj
c:\thelab\development\generals-modern\build\wwlib.dir\release\dib.obj
c:\thelab\development\generals-modern\build\wwlib.dir\release\data.obj
c:\thelab\development\generals-modern\build\wwlib.dir\release\cstraw.obj
c:\thelab\development\generals-modern\build\wwlib.dir\release\critsection.obj
c:\thelab\development\generals-modern\build\wwlib.dir\release\crcstraw.obj
c:\thelab\development\generals-modern\build\wwlib.dir\release\crcpipe.obj
c:\thelab\development\generals-modern\build\wwlib.dir\release\crc.obj
c:\thelab\development\generals-modern\build\wwlib.dir\release\cpudetect.obj
c:\thelab\development\generals-modern\build\wwlib.dir\release\convert.obj
c:\thelab\development\generals-modern\build\wwlib.dir\release\pipe.obj
c:\thelab\development\generals-modern\build\wwlib.dir\release\pcx.obj
c:\thelab\development\generals-modern\build\wwlib.dir\release\palette.obj
c:\thelab\development\generals-modern\build\wwlib.dir\release\obscure.obj
c:\thelab\development\generals-modern\build\wwlib.dir\release\nstrdup.obj
c:\thelab\development\generals-modern\build\wwlib.dir\release\mutex.obj
c:\thelab\development\generals-modern\build\wwlib.dir\release\multilist.obj
c:\thelab\development\generals-modern\build\wwlib.dir\release\msgloop.obj
c:\thelab\development\generals-modern\build\wwlib.dir\release\mpu.obj
c:\thelab\development\generals-modern\build\wwlib.dir\release\mpmath.obj
c:\thelab\development\generals-modern\build\wwlib.dir\release\mono.obj
c:\thelab\development\generals-modern\build\wwlib.dir\release\mixfile.obj
c:\thelab\development\generals-modern\build\wwlib.dir\release\md5.obj
c:\thelab\development\generals-modern\build\wwlib.dir\release\lzostraw.obj
c:\thelab\development\generals-modern\build\wwlib.dir\release\lzopipe.obj
c:\thelab\development\generals-modern\build\wwlib.dir\release\lzo1x_d.obj
c:\thelab\development\generals-modern\build\wwlib.dir\release\lzo1x_c.obj
c:\thelab\development\generals-modern\build\wwlib.dir\release\lzo.obj
c:\thelab\development\generals-modern\build\wwlib.dir\release\load.obj
c:\thelab\development\generals-modern\build\wwlib.dir\release\lcwpipe.obj
c:\thelab\development\generals-modern\build\wwlib.dir\release\sha.obj
c:\thelab\development\generals-modern\build\wwlib.dir\release\sampler.obj
c:\thelab\development\generals-modern\build\wwlib.dir\release\rndstrng.obj
c:\thelab\development\generals-modern\build\wwlib.dir\release\rndstraw.obj
c:\thelab\development\generals-modern\build\wwlib.dir\release\rle.obj
c:\thelab\development\generals-modern\build\wwlib.dir\release\rgb.obj
c:\thelab\development\generals-modern\build\wwlib.dir\release\registry.obj
c:\thelab\development\generals-modern\build\wwlib.dir\release\regexpr.obj
c:\thelab\development\generals-modern\build\wwlib.dir\release\refcount.obj
c:\thelab\development\generals-modern\build\wwlib.dir\release\realcrc.obj
c:\thelab\development\generals-modern\build\wwlib.dir\release\readline.obj
c:\thelab\development\generals-modern\build\wwlib.dir\release\rcfile.obj
c:\thelab\development\generals-modern\build\wwlib.dir\release\rc4.obj
c:\thelab\development\generals-modern\build\wwlib.dir\release\rawfile.obj
c:\thelab\development\generals-modern\build\wwlib.dir\release\random.obj
c:\thelab\development\generals-modern\build\wwlib.dir\release\ramfile.obj
c:\thelab\development\generals-modern\build\wwlib.dir\release\point.obj
c:\thelab\development\generals-modern\build\wwlib.dir\release\pkstraw.obj
c:\thelab\development\generals-modern\build\wwlib.dir\release\pkpipe.obj
c:\thelab\development\generals-modern\build\wwlib.dir\release\pk.obj
c:\thelab\development\generals-modern\build\wwlib.dir\release\wwfont.obj
c:\thelab\development\generals-modern\build\wwlib.dir\release\wwfile.obj
c:\thelab\development\generals-modern\build\wwlib.dir\release\win.obj
c:\thelab\development\generals-modern\build\wwlib.dir\release\widestring.obj
c:\thelab\development\generals-modern\build\wwlib.dir\release\verchk.obj
c:\thelab\development\generals-modern\build\wwlib.dir\release\vector.obj
c:\thelab\development\generals-modern\build\wwlib.dir\release\trim.obj
c:\thelab\development\generals-modern\build\wwlib.dir\release\thread.obj
c:\thelab\development\generals-modern\build\wwlib.dir\release\tgatodxt.obj
c:\thelab\development\generals-modern\build\wwlib.dir\release\textfile.obj
c:\thelab\development\generals-modern\build\wwlib.dir\release\tagblock.obj
c:\thelab\development\generals-modern\build\wwlib.dir\release\systimer.obj
c:\thelab\development\generals-modern\build\wwlib.dir\release\surface.obj
c:\thelab\development\generals-modern\build\wwlib.dir\release\strtok_r.obj
c:\thelab\development\generals-modern\build\wwlib.dir\release\straw.obj
c:\thelab\development\generals-modern\build\wwlib.dir\release\stimer.obj
c:\thelab\development\generals-modern\build\wwlib.dir\release\srandom.obj
c:\thelab\development\generals-modern\build\wwlib.dir\release\slnode.obj
c:\thelab\development\generals-modern\build\wwlib.dir\release\shastraw.obj
c:\thelab\development\generals-modern\build\wwlib.dir\release\shapipe.obj
c:\thelab\development\generals-modern\build\wwlib.dir\release\xsurface.obj
c:\thelab\development\generals-modern\build\wwlib.dir\release\xstraw.obj
c:\thelab\development\generals-modern\build\wwlib.dir\release\xpipe.obj
c:\thelab\development\generals-modern\build\wwlib.dir\release\wwstring.obj
c:\thelab\development\generals-modern\build\wwlib.dir\release\wwmouse.obj
c:\thelab\development\generals-modern\build\cmakefiles\generate.stamp
c:\thelab\development\generals-modern\build\release\wwlib.lib
c:\thelab\development\generals-modern\build\wwlib.dir\release\wwlib.tlog\cl.command.1.tlog
c:\thelab\development\generals-modern\build\wwlib.dir\release\wwlib.tlog\cl.items.tlog
c:\thelab\development\generals-modern\build\wwlib.dir\release\wwlib.tlog\cl.read.1.tlog
c:\thelab\development\generals-modern\build\wwlib.dir\release\wwlib.tlog\cl.write.1.tlog
c:\thelab\development\generals-modern\build\wwlib.dir\release\wwlib.tlog\custombuild.command.1.tlog
c:\thelab\development\generals-modern\build\wwlib.dir\release\wwlib.tlog\custombuild.read.1.tlog
c:\thelab\development\generals-modern\build\wwlib.dir\release\wwlib.tlog\custombuild.write.1.tlog
c:\thelab\development\generals-modern\build\wwlib.dir\release\wwlib.tlog\lib-link.read.1.tlog
c:\thelab\development\generals-modern\build\wwlib.dir\release\wwlib.tlog\lib-link.write.1.tlog
c:\thelab\development\generals-modern\build\wwlib.dir\release\wwlib.tlog\lib.command.1.tlog
